{"level":"info","message":{"method":"GET","url":"/api/reviews/","user":null},"timestamp":"2026-04-07T23:27:05.067Z"}
{"level":"info","message":{"method":"GET","url":"/api/reviews/movie/tt5679?page=2&limit=5","user":null},"timestamp":"2026-04-07T23:30:15.746Z"}
{"level":"info","message":{"method":"GET","url":"/api/reviews/movie/tt5679?page=2&limit=5","user":null},"timestamp":"2026-04-07T23:30:44.906Z"}
{"level":"info","message":{"method":"GET","url":"/api/reviews/movie/tt5678?page=2&limit=5","user":null},"timestamp":"2026-04-07T23:32:28.147Z"}
{"level":"info","message":{"method":"GET","url":"/api/reviews/movie/tt5678","user":null},"timestamp":"2026-04-07T23:32:49.251Z"}
{"level":"info","message":{"method":"GET","url":"/api/reviews/movie/tt5678","user":null},"timestamp":"2026-04-07T23:33:05.777Z"}
{"level":"info","message":{"method":"GET","url":"/api/reviews/movie/tt5679","user":null},"timestamp":"2026-04-07T23:33:18.490Z"}
{"level":"info","message":{"method":"GET","url":"/api/reviews/movie/tt5678","user":null},"timestamp":"2026-04-08T00:11:51.803Z"}
{"level":"info","message":{"method":"GET","url":"/api/reviews/movie/tt5678?page=1&%20limit=5","user":null},"timestamp":"2026-04-08T00:12:23.168Z"}
{"level":"info","message":{"method":"GET","url":"/api/reviews/movie/tt5679?page=1&%20limit=5","user":null},"timestamp":"2026-04-08T00:13:55.196Z"}
{"level":"info","message":{"method":"GET","url":"/api/reviews/movie/tt5678?page=1&%20limit=5","user":null},"timestamp":"2026-04-08T00:14:03.095Z"}
{"level":"info","message":{"method":"GET","url":"/api/reviews/movie/tt5678?page=1&%20limit=5","user":null},"timestamp":"2026-04-08T00:17:08.647Z"}
{"level":"error","message":"getReviewByMovieIdService.getReviewsByMovieId is not a function","method":"GET","path":"/api/reviews/movie/tt5678?page=1&%20limit=5","stack":"TypeError: getReviewByMovieIdService.getReviewsByMovieId is not a function\n    at file:///X:/WeB/js-sprint/js-sprint/day44/backend/controllers/reviewController.js:20:53\n    at file:///X:/WeB/js-sprint/js-sprint/day44/backend/utilis/asyncHandler.js:3:25\n    at Layer.handleRequest (X:\\WeB\\js-sprint\\js-sprint\\day44\\backend\\node_modules\\router\\lib\\layer.js:152:17)\n    at next (X:\\WeB\\js-sprint\\js-sprint\\day44\\backend\\node_modules\\router\\lib\\route.js:157:13)\n    at validateMovieId (file:///X:/WeB/js-sprint/js-sprint/day44/backend/middleware/validateMovieId.js:9:5)\n    at Layer.handleRequest (X:\\WeB\\js-sprint\\js-sprint\\day44\\backend\\node_modules\\router\\lib\\layer.js:152:17)\n    at next (X:\\WeB\\js-sprint\\js-sprint\\day44\\backend\\node_modules\\router\\lib\\route.js:157:13)\n    at Route.dispatch (X:\\WeB\\js-sprint\\js-sprint\\day44\\backend\\node_modules\\router\\lib\\route.js:117:3)\n    at handle (X:\\WeB\\js-sprint\\js-sprint\\day44\\backend\\node_modules\\router\\index.js:435:11)\n    at Layer.handleRequest (X:\\WeB\\js-sprint\\js-sprint\\day44\\backend\\node_modules\\router\\lib\\layer.js:152:17)","timestamp":"2026-04-08T00:17:08.751Z","user":null}
{"level":"info","message":{"method":"GET","url":"/api/reviews/movie/tt5678?page=1&%20limit=5","user":null},"timestamp":"2026-04-08T00:18:02.688Z"}
{"level":"info","message":{"method":"GET","url":"/api/reviews/movie/tt5678?page=1&%20limit=5","user":null},"timestamp":"2026-04-08T00:20:14.372Z"}
{"level":"info","message":{"method":"GET","url":"/api/reviews/movie/tt5678?page=1&%20limit=5","user":null},"timestamp":"2026-04-08T00:20:21.188Z"}
{"level":"info","message":{"method":"GET","url":"/api/reviews/movie/tt5678?page=1&%20limit=5","user":null},"timestamp":"2026-04-08T00:22:26.317Z"}
{"level":"info","message":{"method":"GET","url":"/api/reviews/movie/tt5678?page=1&limit=5","user":null},"timestamp":"2026-04-08T00:24:35.316Z"}
{"level":"info","message":{"method":"GET","url":"/api/reviews/movie/tt5679?page=1&limit=5","user":null},"timestamp":"2026-04-08T00:26:01.536Z"}
{"level":"error","message":"data is not defined","method":"GET","path":"/api/reviews/movie/tt5679?page=1&limit=5","stack":"ReferenceError: data is not defined\n    at file:///X:/WeB/js-sprint/js-sprint/day44/backend/controllers/reviewController.js:35:25\n    at process.processTicksAndRejections (node:internal/process/task_queues:105:5)","timestamp":"2026-04-08T00:26:01.836Z","user":null}
{"level":"info","message":{"method":"GET","url":"/api/reviews/movie/tt5678?page=1&limit=5","user":null},"timestamp":"2026-04-08T00:26:08.369Z"}
{"level":"info","message":{"method":"GET","url":"/api/reviews/movie/tt5678?page=1&limit=5","user":null},"timestamp":"2026-04-08T00:40:13.195Z"}
{"level":"info","message":{"method":"GET","url":"/api/reviews/movie/tt5678?page=1&limit=5","user":null},"timestamp":"2026-04-08T00:40:43.735Z"}
{"level":"info","message":{"method":"GET","url":"/api/reviews/movie/tt5678?page=1&limit=5","user":null},"timestamp":"2026-04-08T00:41:43.035Z"}
{"level":"info","message":{"method":"GET","url":"/api/reviews/movie/tt5678?page=1&limit=5","user":null},"timestamp":"2026-04-08T00:44:13.321Z"}
{"level":"info","message":{"method":"GET","url":"/api/reviews/movie/tt5678?page=1&limit=5","user":null},"timestamp":"2026-04-08T21:54:24.052Z"}
{"level":"info","message":{"duration":"1322ms","limit":5,"movie_id":"tt5678","page":1,"service":"getReviewByMovieIdService"},"timestamp":"2026-04-08T21:54:26.011Z"}
{"level":"info","message":{"method":"GET","url":"/api/reviews/movie/tt5678?page=1&limit=5","user":null},"timestamp":"2026-04-08T21:58:10.138Z"}
{"level":"info","message":{"duration":"195ms","limit":5,"movie_id":"tt5678","page":1,"service":"getReviewByMovieIdService"},"timestamp":"2026-04-08T21:58:10.338Z"}
{"level":"info","message":{"method":"GET","url":"/api/reviews/movie/tt5678?page=2&limit=5","user":null},"timestamp":"2026-04-08T21:59:15.910Z"}
{"level":"info","message":{"duration":"205ms","limit":5,"movie_id":"tt5678","page":2,"service":"getReviewByMovieIdService"},"timestamp":"2026-04-08T21:59:16.152Z"}
{"level":"info","message":{"method":"GET","url":"/api/reviews/movie/tt5678?page=2&limit=5","user":null},"timestamp":"2026-04-08T21:59:26.762Z"}
{"level":"info","message":{"duration":"213ms","limit":5,"movie_id":"tt5678","page":2,"service":"getReviewByMovieIdService"},"timestamp":"2026-04-08T21:59:26.978Z"}
{"level":"info","message":{"method":"GET","url":"/api/reviews/movie/tt5678?page=2&limit=5","user":null},"timestamp":"2026-04-08T21:59:49.095Z"}
{"level":"info","message":{"duration":"244ms","limit":5,"movie_id":"tt5678","page":2,"service":"getReviewByMovieIdService"},"timestamp":"2026-04-08T21:59:49.343Z"}
{"level":"info","message":{"method":"GET","url":"/api/reviews/movie/tt5678?page=2&limit=5","user":null},"timestamp":"2026-04-08T22:00:00.158Z"}
{"level":"info","message":{"duration":"235ms","limit":5,"movie_id":"tt5678","page":2,"service":"getReviewByMovieIdService"},"timestamp":"2026-04-08T22:00:00.395Z"}
{"level":"info","message":{"method":"GET","url":"/api/reviews/movie/tt5678?page=2&limit=5","user":null},"timestamp":"2026-04-08T22:03:48.563Z"}
{"level":"info","message":{"duration":"186ms","limit":5,"movie_id":"tt5678","page":2,"service":"getReviewByMovieIdService"},"timestamp":"2026-04-08T22:03:48.751Z"}
{"level":"info","message":{"method":"GET","url":"/api/reviews/movie/tt5678?page=2&limit=5","user":null},"timestamp":"2026-04-08T22:04:00.382Z"}
{"level":"info","message":{"duration":"260ms","limit":5,"movie_id":"tt5678","page":2,"service":"getReviewByMovieIdService"},"timestamp":"2026-04-08T22:04:00.645Z"}
{"level":"info","message":{"method":"GET","url":"/api/reviews/movie/tt5678?page=2&limit=5","user":null},"timestamp":"2026-04-08T22:04:13.988Z"}
{"level":"info","message":{"duration":"165ms","limit":5,"movie_id":"tt5678","page":2,"service":"getReviewByMovieIdService"},"timestamp":"2026-04-08T22:04:14.158Z"}
{"level":"info","message":{"method":"GET","url":"/api/reviews/movie/tt5678?page=2&limit=5","user":null},"timestamp":"2026-04-08T22:06:22.358Z"}
{"level":"info","message":{"duration":"148ms","limit":5,"movie_id":"tt5678","page":2,"service":"getReviewByMovieIdService"},"timestamp":"2026-04-08T22:06:22.508Z"}
{"level":"info","message":{"method":"GET","url":"/api/reviews/movie/tt5678?page=2&limit=5","user":null},"timestamp":"2026-04-08T22:06:31.273Z"}
{"level":"info","message":{"duration":"2ms","limit":5,"movie_id":"tt5678","page":2,"service":"getReviewByMovieIdService"},"timestamp":"2026-04-08T22:06:31.277Z"}
{"level":"info","message":{"method":"GET","url":"/api/reviews/movie/tt5678?page=2&limit=5","user":null},"timestamp":"2026-04-08T22:06:45.573Z"}
{"level":"info","message":{"duration":"236ms","limit":5,"movie_id":"tt5678","page":2,"service":"getReviewByMovieIdService"},"timestamp":"2026-04-08T22:06:45.811Z"}
{"level":"info","message":{"method":"GET","url":"/api/reviews/movie/tt5678?page=2&limit=5","user":null},"timestamp":"2026-04-09T00:12:06.029Z"}
{"level":"info","message":{"duration":"219ms","limit":5,"movie_id":"tt5678","page":2,"service":"getReviewByMovieIdService"},"timestamp":"2026-04-09T00:12:06.317Z"}
{"level":"info","message":{"method":"POST","url":"/api/reviews/","user":null},"timestamp":"2026-04-09T00:19:14.331Z"}
{"level":"error","message":"Not authorized","method":"POST","path":"/api/reviews/","stack":"Error: Not authorized\n    at protect (file:///X:/WeB/js-sprint/js-sprint/day44/backend/middleware/protect.js:7:23)\n    at Layer.handleRequest (X:\\WeB\\js-sprint\\js-sprint\\day44\\backend\\node_modules\\router\\lib\\layer.js:152:17)\n    at next (X:\\WeB\\js-sprint\\js-sprint\\day44\\backend\\node_modules\\router\\lib\\route.js:157:13)\n    at Route.dispatch (X:\\WeB\\js-sprint\\js-sprint\\day44\\backend\\node_modules\\router\\lib\\route.js:117:3)\n    at handle (X:\\WeB\\js-sprint\\js-sprint\\day44\\backend\\node_modules\\router\\index.js:435:11)\n    at Layer.handleRequest (X:\\WeB\\js-sprint\\js-sprint\\day44\\backend\\node_modules\\router\\lib\\layer.js:152:17)\n    at X:\\WeB\\js-sprint\\js-sprint\\day44\\backend\\node_modules\\router\\index.js:295:15\n    at processParams (X:\\WeB\\js-sprint\\js-sprint\\day44\\backend\\node_modules\\router\\index.js:582:12)\n    at next (X:\\WeB\\js-sprint\\js-sprint\\day44\\backend\\node_modules\\router\\index.js:291:5)\n    at Function.handle (X:\\WeB\\js-sprint\\js-sprint\\day44\\backend\\node_modules\\router\\index.js:186:3)","status":401,"timestamp":"2026-04-09T00:19:14.393Z","user":null}
{"level":"info","message":{"method":"POST","url":"/api/user/login","user":null},"timestamp":"2026-04-09T00:19:31.485Z"}
{"level":"error","message":"Invalid credentials","method":"POST","path":"/api/user/login","stack":"Error: Invalid credentials\n    at loginService (file:///X:/WeB/js-sprint/js-sprint/day44/backend/services/userService.js:53:23)\n    at process.processTicksAndRejections (node:internal/process/task_queues:105:5)\n    at async file:///X:/WeB/js-sprint/js-sprint/day44/backend/controllers/userController.js:38:18","status":401,"timestamp":"2026-04-09T00:19:31.816Z","user":null}
{"level":"info","message":{"method":"GET","url":"/api/user/","user":null},"timestamp":"2026-04-09T00:20:02.317Z"}
{"level":"error","message":"Not authorized","method":"GET","path":"/api/user/","stack":"Error: Not authorized\n    at protect (file:///X:/WeB/js-sprint/js-sprint/day44/backend/middleware/protect.js:7:23)\n    at Layer.handleRequest (X:\\WeB\\js-sprint\\js-sprint\\day44\\backend\\node_modules\\router\\lib\\layer.js:152:17)\n    at next (X:\\WeB\\js-sprint\\js-sprint\\day44\\backend\\node_modules\\router\\lib\\route.js:157:13)\n    at Route.dispatch (X:\\WeB\\js-sprint\\js-sprint\\day44\\backend\\node_modules\\router\\lib\\route.js:117:3)\n    at handle (X:\\WeB\\js-sprint\\js-sprint\\day44\\backend\\node_modules\\router\\index.js:435:11)\n    at Layer.handleRequest (X:\\WeB\\js-sprint\\js-sprint\\day44\\backend\\node_modules\\router\\lib\\layer.js:152:17)\n    at X:\\WeB\\js-sprint\\js-sprint\\day44\\backend\\node_modules\\router\\index.js:295:15\n    at processParams (X:\\WeB\\js-sprint\\js-sprint\\day44\\backend\\node_modules\\router\\index.js:582:12)\n    at next (X:\\WeB\\js-sprint\\js-sprint\\day44\\backend\\node_modules\\router\\index.js:291:5)\n    at Function.handle (X:\\WeB\\js-sprint\\js-sprint\\day44\\backend\\node_modules\\router\\index.js:186:3)","status":401,"timestamp":"2026-04-09T00:20:02.320Z","user":null}
{"level":"info","message":{"method":"GET","url":"/api/user/","user":null},"timestamp":"2026-04-09T00:20:22.776Z"}
{"level":"error","message":"Not authorized","method":"GET","path":"/api/user/","stack":"Error: Not authorized\n    at protect (file:///X:/WeB/js-sprint/js-sprint/day44/backend/middleware/protect.js:7:23)\n    at Layer.handleRequest (X:\\WeB\\js-sprint\\js-sprint\\day44\\backend\\node_modules\\router\\lib\\layer.js:152:17)\n    at next (X:\\WeB\\js-sprint\\js-sprint\\day44\\backend\\node_modules\\router\\lib\\route.js:157:13)\n    at Route.dispatch (X:\\WeB\\js-sprint\\js-sprint\\day44\\backend\\node_modules\\router\\lib\\route.js:117:3)\n    at handle (X:\\WeB\\js-sprint\\js-sprint\\day44\\backend\\node_modules\\router\\index.js:435:11)\n    at Layer.handleRequest (X:\\WeB\\js-sprint\\js-sprint\\day44\\backend\\node_modules\\router\\lib\\layer.js:152:17)\n    at X:\\WeB\\js-sprint\\js-sprint\\day44\\backend\\node_modules\\router\\index.js:295:15\n    at processParams (X:\\WeB\\js-sprint\\js-sprint\\day44\\backend\\node_modules\\router\\index.js:582:12)\n    at next (X:\\WeB\\js-sprint\\js-sprint\\day44\\backend\\node_modules\\router\\index.js:291:5)\n    at Function.handle (X:\\WeB\\js-sprint\\js-sprint\\day44\\backend\\node_modules\\router\\index.js:186:3)","status":401,"timestamp":"2026-04-09T00:20:22.838Z","user":null}
{"level":"info","message":{"method":"POST","url":"/api/user/","user":null},"timestamp":"2026-04-09T00:22:06.784Z"}
{"level":"info","message":{"method":"POST","url":"/api/user/login","user":null},"timestamp":"2026-04-09T00:22:16.003Z"}
{"level":"info","message":{"method":"POST","url":"/api/reviews/","user":null},"timestamp":"2026-04-09T00:22:32.076Z"}
{"level":"error","message":"Not authorized","method":"POST","path":"/api/reviews/","stack":"Error: Not authorized\n    at protect (file:///X:/WeB/js-sprint/js-sprint/day44/backend/middleware/protect.js:7:23)\n    at Layer.handleRequest (X:\\WeB\\js-sprint\\js-sprint\\day44\\backend\\node_modules\\router\\lib\\layer.js:152:17)\n    at next (X:\\WeB\\js-sprint\\js-sprint\\day44\\backend\\node_modules\\router\\lib\\route.js:157:13)\n    at Route.dispatch (X:\\WeB\\js-sprint\\js-sprint\\day44\\backend\\node_modules\\router\\lib\\route.js:117:3)\n    at handle (X:\\WeB\\js-sprint\\js-sprint\\day44\\backend\\node_modules\\router\\index.js:435:11)\n    at Layer.handleRequest (X:\\WeB\\js-sprint\\js-sprint\\day44\\backend\\node_modules\\router\\lib\\layer.js:152:17)\n    at X:\\WeB\\js-sprint\\js-sprint\\day44\\backend\\node_modules\\router\\index.js:295:15\n    at processParams (X:\\WeB\\js-sprint\\js-sprint\\day44\\backend\\node_modules\\router\\index.js:582:12)\n    at next (X:\\WeB\\js-sprint\\js-sprint\\day44\\backend\\node_modules\\router\\index.js:291:5)\n    at Function.handle (X:\\WeB\\js-sprint\\js-sprint\\day44\\backend\\node_modules\\router\\index.js:186:3)","status":401,"timestamp":"2026-04-09T00:22:32.079Z","user":null}
{"level":"info","message":{"method":"POST","url":"/api/reviews/","user":null},"timestamp":"2026-04-09T00:23:00.499Z"}
{"level":"error","message":"Not authorized","method":"POST","path":"/api/reviews/","stack":"Error: Not authorized\n    at protect (file:///X:/WeB/js-sprint/js-sprint/day44/backend/middleware/protect.js:7:23)\n    at Layer.handleRequest (X:\\WeB\\js-sprint\\js-sprint\\day44\\backend\\node_modules\\router\\lib\\layer.js:152:17)\n    at next (X:\\WeB\\js-sprint\\js-sprint\\day44\\backend\\node_modules\\router\\lib\\route.js:157:13)\n    at Route.dispatch (X:\\WeB\\js-sprint\\js-sprint\\day44\\backend\\node_modules\\router\\lib\\route.js:117:3)\n    at handle (X:\\WeB\\js-sprint\\js-sprint\\day44\\backend\\node_modules\\router\\index.js:435:11)\n    at Layer.handleRequest (X:\\WeB\\js-sprint\\js-sprint\\day44\\backend\\node_modules\\router\\lib\\layer.js:152:17)\n    at X:\\WeB\\js-sprint\\js-sprint\\day44\\backend\\node_modules\\router\\index.js:295:15\n    at processParams (X:\\WeB\\js-sprint\\js-sprint\\day44\\backend\\node_modules\\router\\index.js:582:12)\n    at next (X:\\WeB\\js-sprint\\js-sprint\\day44\\backend\\node_modules\\router\\index.js:291:5)\n    at Function.handle (X:\\WeB\\js-sprint\\js-sprint\\day44\\backend\\node_modules\\router\\index.js:186:3)","status":401,"timestamp":"2026-04-09T00:23:00.573Z","user":null}
{"level":"info","message":{"method":"GET","url":"/api/user/","user":null},"timestamp":"2026-04-09T00:23:47.942Z"}
{"level":"error","message":"Not authorized","method":"GET","path":"/api/user/","stack":"Error: Not authorized\n    at protect (file:///X:/WeB/js-sprint/js-sprint/day44/backend/middleware/protect.js:7:23)\n    at Layer.handleRequest (X:\\WeB\\js-sprint\\js-sprint\\day44\\backend\\node_modules\\router\\lib\\layer.js:152:17)\n    at next (X:\\WeB\\js-sprint\\js-sprint\\day44\\backend\\node_modules\\router\\lib\\route.js:157:13)\n    at Route.dispatch (X:\\WeB\\js-sprint\\js-sprint\\day44\\backend\\node_modules\\router\\lib\\route.js:117:3)\n    at handle (X:\\WeB\\js-sprint\\js-sprint\\day44\\backend\\node_modules\\router\\index.js:435:11)\n    at Layer.handleRequest (X:\\WeB\\js-sprint\\js-sprint\\day44\\backend\\node_modules\\router\\lib\\layer.js:152:17)\n    at X:\\WeB\\js-sprint\\js-sprint\\day44\\backend\\node_modules\\router\\index.js:295:15\n    at processParams (X:\\WeB\\js-sprint\\js-sprint\\day44\\backend\\node_modules\\router\\index.js:582:12)\n    at next (X:\\WeB\\js-sprint\\js-sprint\\day44\\backend\\node_modules\\router\\index.js:291:5)\n    at Function.handle (X:\\WeB\\js-sprint\\js-sprint\\day44\\backend\\node_modules\\router\\index.js:186:3)","status":401,"timestamp":"2026-04-09T00:23:47.946Z","user":null}
{"level":"info","message":{"method":"GET","url":"/api/user/","user":null},"timestamp":"2026-04-09T00:24:05.423Z"}
{"level":"error","message":"Not authorized","method":"GET","path":"/api/user/","stack":"Error: Not authorized\n    at protect (file:///X:/WeB/js-sprint/js-sprint/day44/backend/middleware/protect.js:7:23)\n    at Layer.handleRequest (X:\\WeB\\js-sprint\\js-sprint\\day44\\backend\\node_modules\\router\\lib\\layer.js:152:17)\n    at next (X:\\WeB\\js-sprint\\js-sprint\\day44\\backend\\node_modules\\router\\lib\\route.js:157:13)\n    at Route.dispatch (X:\\WeB\\js-sprint\\js-sprint\\day44\\backend\\node_modules\\router\\lib\\route.js:117:3)\n    at handle (X:\\WeB\\js-sprint\\js-sprint\\day44\\backend\\node_modules\\router\\index.js:435:11)\n    at Layer.handleRequest (X:\\WeB\\js-sprint\\js-sprint\\day44\\backend\\node_modules\\router\\lib\\layer.js:152:17)\n    at X:\\WeB\\js-sprint\\js-sprint\\day44\\backend\\node_modules\\router\\index.js:295:15\n    at processParams (X:\\WeB\\js-sprint\\js-sprint\\day44\\backend\\node_modules\\router\\index.js:582:12)\n    at next (X:\\WeB\\js-sprint\\js-sprint\\day44\\backend\\node_modules\\router\\index.js:291:5)\n    at Function.handle (X:\\WeB\\js-sprint\\js-sprint\\day44\\backend\\node_modules\\router\\index.js:186:3)","status":401,"timestamp":"2026-04-09T00:24:05.475Z","user":null}
{"level":"info","message":{"method":"POST","url":"/api/user/","user":null},"timestamp":"2026-04-09T00:26:50.709Z"}
{"level":"info","message":{"method":"POST","url":"/api/user/login","user":null},"timestamp":"2026-04-09T00:27:17.740Z"}
{"level":"info","message":{"method":"POST","url":"/api/reviews/","user":null},"timestamp":"2026-04-09T00:28:07.695Z"}
{"level":"info","message":{"method":"GET","url":"/api/reviews/","user":null},"timestamp":"2026-04-09T00:28:24.585Z"}
{"level":"info","message":{"method":"GET","url":"/api/reviews/","user":null},"timestamp":"2026-04-13T18:07:50.297Z"}
{"level":"info","message":{"method":"PATCH","url":"/api/reviews/3","user":null},"timestamp":"2026-04-13T18:08:45.287Z"}
{"level":"error","message":"Not Found - /api/reviews/3","method":"PATCH","path":"/api/reviews/3","stack":"Error: Not Found - /api/reviews/3\n    at notFound (file:///X:/WeB/js-sprint/js-sprint/day44/backend/middleware/notFound.js:2:17)\n    at Layer.handleRequest (X:\\WeB\\js-sprint\\js-sprint\\day44\\backend\\node_modules\\router\\lib\\layer.js:152:17)\n    at trimPrefix (X:\\WeB\\js-sprint\\js-sprint\\day44\\backend\\node_modules\\router\\index.js:342:13)\n    at X:\\WeB\\js-sprint\\js-sprint\\day44\\backend\\node_modules\\router\\index.js:297:9\n    at processParams (X:\\WeB\\js-sprint\\js-sprint\\day44\\backend\\node_modules\\router\\index.js:582:12)\n    at next (X:\\WeB\\js-sprint\\js-sprint\\day44\\backend\\node_modules\\router\\index.js:291:5)\n    at X:\\WeB\\js-sprint\\js-sprint\\day44\\backend\\node_modules\\router\\index.js:688:15\n    at next (X:\\WeB\\js-sprint\\js-sprint\\day44\\backend\\node_modules\\router\\index.js:276:14)\n    at Function.handle (X:\\WeB\\js-sprint\\js-sprint\\day44\\backend\\node_modules\\router\\index.js:186:3)\n    at router (X:\\WeB\\js-sprint\\js-sprint\\day44\\backend\\node_modules\\router\\index.js:60:12)","status":404,"timestamp":"2026-04-13T18:08:45.294Z","user":null}
{"level":"info","message":{"method":"GET","url":"/api/reviews/","user":null},"timestamp":"2026-04-13T18:08:58.371Z"}
{"level":"info","message":{"method":"POST","url":"/api/reviews/","user":null},"timestamp":"2026-04-13T18:09:53.416Z"}
{"level":"info","message":{"method":"PATCH","url":"/api/reviews/4","user":null},"timestamp":"2026-04-13T18:10:09.577Z"}
{"level":"error","message":"Not Found - /api/reviews/4","method":"PATCH","path":"/api/reviews/4","stack":"Error: Not Found - /api/reviews/4\n    at notFound (file:///X:/WeB/js-sprint/js-sprint/day44/backend/middleware/notFound.js:2:17)\n    at Layer.handleRequest (X:\\WeB\\js-sprint\\js-sprint\\day44\\backend\\node_modules\\router\\lib\\layer.js:152:17)\n    at trimPrefix (X:\\WeB\\js-sprint\\js-sprint\\day44\\backend\\node_modules\\router\\index.js:342:13)\n    at X:\\WeB\\js-sprint\\js-sprint\\day44\\backend\\node_modules\\router\\index.js:297:9\n    at processParams (X:\\WeB\\js-sprint\\js-sprint\\day44\\backend\\node_modules\\router\\index.js:582:12)\n    at next (X:\\WeB\\js-sprint\\js-sprint\\day44\\backend\\node_modules\\router\\index.js:291:5)\n    at X:\\WeB\\js-sprint\\js-sprint\\day44\\backend\\node_modules\\router\\index.js:688:15\n    at next (X:\\WeB\\js-sprint\\js-sprint\\day44\\backend\\node_modules\\router\\index.js:276:14)\n    at Function.handle (X:\\WeB\\js-sprint\\js-sprint\\day44\\backend\\node_modules\\router\\index.js:186:3)\n    at router (X:\\WeB\\js-sprint\\js-sprint\\day44\\backend\\node_modules\\router\\index.js:60:12)","status":404,"timestamp":"2026-04-13T18:10:09.580Z","user":null}
{"level":"info","message":{"method":"PATCH","url":"/api/reviews/tt1234","user":null},"timestamp":"2026-04-13T18:13:20.236Z"}
{"level":"error","message":"Not Found - /api/reviews/tt1234","method":"PATCH","path":"/api/reviews/tt1234","stack":"Error: Not Found - /api/reviews/tt1234\n    at notFound (file:///X:/WeB/js-sprint/js-sprint/day44/backend/middleware/notFound.js:2:17)\n    at Layer.handleRequest (X:\\WeB\\js-sprint\\js-sprint\\day44\\backend\\node_modules\\router\\lib\\layer.js:152:17)\n    at trimPrefix (X:\\WeB\\js-sprint\\js-sprint\\day44\\backend\\node_modules\\router\\index.js:342:13)\n    at X:\\WeB\\js-sprint\\js-sprint\\day44\\backend\\node_modules\\router\\index.js:297:9\n    at processParams (X:\\WeB\\js-sprint\\js-sprint\\day44\\backend\\node_modules\\router\\index.js:582:12)\n    at next (X:\\WeB\\js-sprint\\js-sprint\\day44\\backend\\node_modules\\router\\index.js:291:5)\n    at X:\\WeB\\js-sprint\\js-sprint\\day44\\backend\\node_modules\\router\\index.js:688:15\n    at next (X:\\WeB\\js-sprint\\js-sprint\\day44\\backend\\node_modules\\router\\index.js:276:14)\n    at Function.handle (X:\\WeB\\js-sprint\\js-sprint\\day44\\backend\\node_modules\\router\\index.js:186:3)\n    at router (X:\\WeB\\js-sprint\\js-sprint\\day44\\backend\\node_modules\\router\\index.js:60:12)","status":404,"timestamp":"2026-04-13T18:13:20.239Z","user":null}
{"level":"info","message":{"method":"PATCH","url":"/api/reviews/tt1234","user":null},"timestamp":"2026-04-13T18:13:38.507Z"}
{"level":"error","message":"Not Found - /api/reviews/tt1234","method":"PATCH","path":"/api/reviews/tt1234","stack":"Error: Not Found - /api/reviews/tt1234\n    at notFound (file:///X:/WeB/js-sprint/js-sprint/day44/backend/middleware/notFound.js:2:17)\n    at Layer.handleRequest (X:\\WeB\\js-sprint\\js-sprint\\day44\\backend\\node_modules\\router\\lib\\layer.js:152:17)\n    at trimPrefix (X:\\WeB\\js-sprint\\js-sprint\\day44\\backend\\node_modules\\router\\index.js:342:13)\n    at X:\\WeB\\js-sprint\\js-sprint\\day44\\backend\\node_modules\\router\\index.js:297:9\n    at processParams (X:\\WeB\\js-sprint\\js-sprint\\day44\\backend\\node_modules\\router\\index.js:582:12)\n    at next (X:\\WeB\\js-sprint\\js-sprint\\day44\\backend\\node_modules\\router\\index.js:291:5)\n    at X:\\WeB\\js-sprint\\js-sprint\\day44\\backend\\node_modules\\router\\index.js:688:15\n    at next (X:\\WeB\\js-sprint\\js-sprint\\day44\\backend\\node_modules\\router\\index.js:276:14)\n    at Function.handle (X:\\WeB\\js-sprint\\js-sprint\\day44\\backend\\node_modules\\router\\index.js:186:3)\n    at router (X:\\WeB\\js-sprint\\js-sprint\\day44\\backend\\node_modules\\router\\index.js:60:12)","status":404,"timestamp":"2026-04-13T18:13:38.550Z","user":null}
{"level":"info","message":{"method":"DELETE","url":"/api/reviews/4","user":null},"timestamp":"2026-04-13T18:17:15.269Z"}
{"level":"error","message":"Not authorized","method":"DELETE","path":"/api/reviews/4","stack":"Error: Not authorized\n    at protect (file:///X:/WeB/js-sprint/js-sprint/day44/backend/middleware/protect.js:7:23)\n    at Layer.handleRequest (X:\\WeB\\js-sprint\\js-sprint\\day44\\backend\\node_modules\\router\\lib\\layer.js:152:17)\n    at next (X:\\WeB\\js-sprint\\js-sprint\\day44\\backend\\node_modules\\router\\lib\\route.js:157:13)\n    at Route.dispatch (X:\\WeB\\js-sprint\\js-sprint\\day44\\backend\\node_modules\\router\\lib\\route.js:117:3)\n    at handle (X:\\WeB\\js-sprint\\js-sprint\\day44\\backend\\node_modules\\router\\index.js:435:11)\n    at Layer.handleRequest (X:\\WeB\\js-sprint\\js-sprint\\day44\\backend\\node_modules\\router\\lib\\layer.js:152:17)\n    at X:\\WeB\\js-sprint\\js-sprint\\day44\\backend\\node_modules\\router\\index.js:295:15\n    at param (X:\\WeB\\js-sprint\\js-sprint\\day44\\backend\\node_modules\\router\\index.js:600:14)\n    at param (X:\\WeB\\js-sprint\\js-sprint\\day44\\backend\\node_modules\\router\\index.js:610:14)\n    at processParams (X:\\WeB\\js-sprint\\js-sprint\\day44\\backend\\node_modules\\router\\index.js:664:3)","status":401,"timestamp":"2026-04-13T18:17:15.349Z","user":null}
{"level":"info","message":{"method":"POST","url":"/api/user/login","user":null},"timestamp":"2026-04-13T18:17:33.942Z"}
{"level":"info","message":{"method":"DELETE","url":"/api/reviews/4","user":null},"timestamp":"2026-04-13T18:18:54.723Z"}
{"level":"info","message":{"method":"GET","url":"/api/reviews/","user":null},"timestamp":"2026-04-13T18:19:08.328Z"}
{"level":"info","message":{"method":"PATCH","url":"/api/reviews/3","user":null},"timestamp":"2026-04-13T18:19:26.626Z"}
{"level":"error","message":"Not authorized","method":"PATCH","path":"/api/reviews/3","stack":"Error: Not authorized\n    at protect (file:///X:/WeB/js-sprint/js-sprint/day44/backend/middleware/protect.js:7:23)\n    at Layer.handleRequest (X:\\WeB\\js-sprint\\js-sprint\\day44\\backend\\node_modules\\router\\lib\\layer.js:152:17)\n    at next (X:\\WeB\\js-sprint\\js-sprint\\day44\\backend\\node_modules\\router\\lib\\route.js:157:13)\n    at Route.dispatch (X:\\WeB\\js-sprint\\js-sprint\\day44\\backend\\node_modules\\router\\lib\\route.js:117:3)\n    at handle (X:\\WeB\\js-sprint\\js-sprint\\day44\\backend\\node_modules\\router\\index.js:435:11)\n    at Layer.handleRequest (X:\\WeB\\js-sprint\\js-sprint\\day44\\backend\\node_modules\\router\\lib\\layer.js:152:17)\n    at X:\\WeB\\js-sprint\\js-sprint\\day44\\backend\\node_modules\\router\\index.js:295:15\n    at param (X:\\WeB\\js-sprint\\js-sprint\\day44\\backend\\node_modules\\router\\index.js:600:14)\n    at param (X:\\WeB\\js-sprint\\js-sprint\\day44\\backend\\node_modules\\router\\index.js:610:14)\n    at processParams (X:\\WeB\\js-sprint\\js-sprint\\day44\\backend\\node_modules\\router\\index.js:664:3)","status":401,"timestamp":"2026-04-13T18:19:26.629Z","user":null}
{"level":"info","message":{"method":"POST","url":"/api/reviews/","user":null},"timestamp":"2026-04-13T18:19:49.931Z"}
{"level":"info","message":{"method":"PATCH","url":"/api/reviews/5","user":null},"timestamp":"2026-04-13T18:20:17.302Z"}
{"level":"info","message":{"method":"GET","url":"/api/reviews/5","user":null},"timestamp":"2026-04-13T18:36:08.670Z"}
{"level":"info","message":{"method":"GET","url":"/api/reviews/","user":null},"timestamp":"2026-04-13T18:49:32.898Z"}
{"level":"info","message":{"method":"GET","url":"/api/reviews/","user":null},"timestamp":"2026-04-13T18:51:24.934Z"}
{"level":"info","message":{"method":"GET","url":"/api/reviews/","user":null},"timestamp":"2026-04-13T18:51:36.971Z"}
{"level":"info","message":{"method":"GET","url":"/api/reviews/","user":null},"timestamp":"2026-04-13T18:51:37.380Z"}
{"level":"info","message":{"method":"GET","url":"/api/reviews/","user":null},"timestamp":"2026-04-13T18:52:45.199Z"}
{"level":"info","message":{"method":"GET","url":"/api/reviews/","user":null},"timestamp":"2026-04-13T18:52:45.517Z"}
{"level":"info","message":{"method":"GET","url":"/api/reviews/","user":null},"timestamp":"2026-04-13T18:55:39.622Z"}
{"level":"info","message":{"method":"GET","url":"/api/reviews/","user":null},"timestamp":"2026-04-13T18:55:39.910Z"}
{"level":"info","message":{"method":"GET","url":"/api/reviews/","user":null},"timestamp":"2026-04-13T18:55:55.411Z"}
{"level":"info","message":{"method":"GET","url":"/api/reviews/","user":null},"timestamp":"2026-04-13T18:55:55.674Z"}
{"level":"info","message":{"method":"GET","url":"/api/reviews/","user":null},"timestamp":"2026-04-13T18:56:16.462Z"}
{"level":"info","message":{"method":"GET","url":"/api/reviews/","user":null},"timestamp":"2026-04-13T18:56:16.700Z"}
{"level":"info","message":{"method":"GET","url":"/api/reviews/","user":null},"timestamp":"2026-04-13T22:05:43.619Z"}
{"level":"info","message":{"method":"GET","url":"/api/reviews/","user":null},"timestamp":"2026-04-13T22:05:44.036Z"}
{"level":"info","message":{"method":"GET","url":"/api/reviews/","user":null},"timestamp":"2026-04-13T22:17:49.317Z"}
{"level":"info","message":{"method":"GET","url":"/api/reviews/","user":null},"timestamp":"2026-04-13T22:17:56.868Z"}
{"level":"info","message":{"method":"GET","url":"/api/reviews/","user":null},"timestamp":"2026-04-13T22:17:56.933Z"}
{"level":"info","message":{"method":"POST","url":"/api/reviews/","user":null},"timestamp":"2026-04-13T22:25:22.019Z"}
{"level":"error","message":"Not authorized","method":"POST","path":"/api/reviews/","stack":"Error: Not authorized\n    at protect (file:///X:/WeB/js-sprint/js-sprint/day44/backend/middleware/protect.js:7:23)\n    at Layer.handleRequest (X:\\WeB\\js-sprint\\js-sprint\\day44\\backend\\node_modules\\router\\lib\\layer.js:152:17)\n    at next (X:\\WeB\\js-sprint\\js-sprint\\day44\\backend\\node_modules\\router\\lib\\route.js:157:13)\n    at Route.dispatch (X:\\WeB\\js-sprint\\js-sprint\\day44\\backend\\node_modules\\router\\lib\\route.js:117:3)\n    at handle (X:\\WeB\\js-sprint\\js-sprint\\day44\\backend\\node_modules\\router\\index.js:435:11)\n    at Layer.handleRequest (X:\\WeB\\js-sprint\\js-sprint\\day44\\backend\\node_modules\\router\\lib\\layer.js:152:17)\n    at X:\\WeB\\js-sprint\\js-sprint\\day44\\backend\\node_modules\\router\\index.js:295:15\n    at processParams (X:\\WeB\\js-sprint\\js-sprint\\day44\\backend\\node_modules\\router\\index.js:582:12)\n    at next (X:\\WeB\\js-sprint\\js-sprint\\day44\\backend\\node_modules\\router\\index.js:291:5)\n    at Function.handle (X:\\WeB\\js-sprint\\js-sprint\\day44\\backend\\node_modules\\router\\index.js:186:3)","status":401,"timestamp":"2026-04-13T22:25:22.039Z","user":null}
{"level":"info","message":{"method":"GET","url":"/api/reviews/","user":null},"timestamp":"2026-04-13T22:55:38.389Z"}
{"level":"info","message":{"method":"GET","url":"/api/reviews/","user":null},"timestamp":"2026-04-13T22:55:38.601Z"}
{"level":"info","message":{"method":"POST","url":"/api/reviews/","user":null},"timestamp":"2026-04-13T23:12:14.132Z"}
{"level":"error","message":"Not authorized","method":"POST","path":"/api/reviews/","stack":"Error: Not authorized\n    at protect (file:///X:/WeB/js-sprint/js-sprint/day44/backend/middleware/protect.js:7:23)\n    at Layer.handleRequest (X:\\WeB\\js-sprint\\js-sprint\\day44\\backend\\node_modules\\router\\lib\\layer.js:152:17)\n    at next (X:\\WeB\\js-sprint\\js-sprint\\day44\\backend\\node_modules\\router\\lib\\route.js:157:13)\n    at Route.dispatch (X:\\WeB\\js-sprint\\js-sprint\\day44\\backend\\node_modules\\router\\lib\\route.js:117:3)\n    at handle (X:\\WeB\\js-sprint\\js-sprint\\day44\\backend\\node_modules\\router\\index.js:435:11)\n    at Layer.handleRequest (X:\\WeB\\js-sprint\\js-sprint\\day44\\backend\\node_modules\\router\\lib\\layer.js:152:17)\n    at X:\\WeB\\js-sprint\\js-sprint\\day44\\backend\\node_modules\\router\\index.js:295:15\n    at processParams (X:\\WeB\\js-sprint\\js-sprint\\day44\\backend\\node_modules\\router\\index.js:582:12)\n    at next (X:\\WeB\\js-sprint\\js-sprint\\day44\\backend\\node_modules\\router\\index.js:291:5)\n    at Function.handle (X:\\WeB\\js-sprint\\js-sprint\\day44\\backend\\node_modules\\router\\index.js:186:3)","status":401,"timestamp":"2026-04-13T23:12:14.142Z","user":null}
{"level":"info","message":{"method":"POST","url":"/api/user/login","user":null},"timestamp":"2026-04-13T23:26:58.919Z"}
{"level":"info","message":{"method":"GET","url":"/api/reviews/","user":null},"timestamp":"2026-04-14T00:08:19.664Z"}
{"level":"info","message":{"method":"GET","url":"/api/reviews/","user":null},"timestamp":"2026-04-14T00:08:19.960Z"}
{"level":"info","message":{"method":"GET","url":"/api/reviews/","user":null},"timestamp":"2026-04-14T00:08:25.162Z"}
{"level":"info","message":{"method":"GET","url":"/api/reviews/","user":null},"timestamp":"2026-04-14T00:08:25.176Z"}
{"level":"info","message":{"method":"GET","url":"/api/reviews/","user":null},"timestamp":"2026-04-14T00:10:34.833Z"}
{"level":"info","message":{"method":"GET","url":"/api/reviews/","user":null},"timestamp":"2026-04-14T00:10:35.166Z"}
{"level":"info","message":{"method":"GET","url":"/api/reviews/","user":null},"timestamp":"2026-04-14T00:10:44.687Z"}
{"level":"info","message":{"method":"GET","url":"/api/reviews/","user":null},"timestamp":"2026-04-14T00:10:44.721Z"}
{"level":"info","message":{"method":"POST","url":"/api/user/login","user":null},"timestamp":"2026-04-14T00:16:59.825Z"}
{"level":"error","message":"Invalid credentials","method":"POST","path":"/api/user/login","stack":"Error: Invalid credentials\n    at loginService (file:///X:/WeB/js-sprint/js-sprint/day44/backend/services/userService.js:53:23)\n    at process.processTicksAndRejections (node:internal/process/task_queues:105:5)\n    at async file:///X:/WeB/js-sprint/js-sprint/day44/backend/controllers/userController.js:38:18","status":401,"timestamp":"2026-04-14T00:17:00.039Z","user":null}
{"level":"info","message":{"method":"POST","url":"/api/user/login","user":null},"timestamp":"2026-04-14T00:17:50.728Z"}
{"level":"info","message":{"method":"POST","url":"/api/user/login","user":null},"timestamp":"2026-04-14T00:18:17.921Z"}
{"level":"info","message":{"method":"POST","url":"/api/user/login","user":null},"timestamp":"2026-04-14T00:18:30.731Z"}
{"level":"info","message":{"method":"GET","url":"/api/reviews/","user":null},"timestamp":"2026-04-14T00:19:09.626Z"}
{"level":"info","message":{"method":"GET","url":"/api/reviews/","user":null},"timestamp":"2026-04-14T00:19:10.074Z"}
{"level":"info","message":{"method":"POST","url":"/api/reviews/","user":null},"timestamp":"2026-04-14T00:19:29.122Z"}
{"level":"error","message":"Invalid input","method":"POST","path":"/api/reviews/","stack":"Error: Invalid input\n    at validateReview (file:///X:/WeB/js-sprint/js-sprint/day44/backend/middleware/validateReview.js:12:25)\n    at Layer.handleRequest (X:\\WeB\\js-sprint\\js-sprint\\day44\\backend\\node_modules\\router\\lib\\layer.js:152:17)\n    at next (X:\\WeB\\js-sprint\\js-sprint\\day44\\backend\\node_modules\\router\\lib\\route.js:157:13)\n    at protect (file:///X:/WeB/js-sprint/js-sprint/day44/backend/middleware/protect.js:17:9)\n    at Layer.handleRequest (X:\\WeB\\js-sprint\\js-sprint\\day44\\backend\\node_modules\\router\\lib\\layer.js:152:17)\n    at next (X:\\WeB\\js-sprint\\js-sprint\\day44\\backend\\node_modules\\router\\lib\\route.js:157:13)\n    at Route.dispatch (X:\\WeB\\js-sprint\\js-sprint\\day44\\backend\\node_modules\\router\\lib\\route.js:117:3)\n    at handle (X:\\WeB\\js-sprint\\js-sprint\\day44\\backend\\node_modules\\router\\index.js:435:11)\n    at Layer.handleRequest (X:\\WeB\\js-sprint\\js-sprint\\day44\\backend\\node_modules\\router\\lib\\layer.js:152:17)\n    at X:\\WeB\\js-sprint\\js-sprint\\day44\\backend\\node_modules\\router\\index.js:295:15","status":400,"timestamp":"2026-04-14T00:19:29.164Z","user":2}
{"level":"info","message":{"method":"GET","url":"/api/reviews/","user":null},"timestamp":"2026-04-14T08:38:39.957Z"}
{"level":"error","message":{"message":"","method":"GET","path":"/api/reviews/","stack":"AggregateError [ECONNREFUSED]: \n    at X:\\WeB\\js-sprint\\js-sprint\\day44\\backend\\node_modules\\pg-pool\\index.js:45:11\n    at process.processTicksAndRejections (node:internal/process/task_queues:105:5)\n    at async Object.getAll (file:///X:/WeB/js-sprint/js-sprint/day44/backend/models/reviewModel.js:6:23)\n    at async getAllService (file:///X:/WeB/js-sprint/js-sprint/day44/backend/services/reviewService.js:4:12)\n    at async file:///X:/WeB/js-sprint/js-sprint/day44/backend/controllers/reviewController.js:5:23","user":null},"timestamp":"2026-04-14T08:38:40.047Z"}
{"level":"info","message":{"method":"GET","url":"/api/reviews/","user":null},"timestamp":"2026-04-14T08:42:12.278Z"}
{"level":"info","message":{"method":"POST","url":"/api/user/login","user":null},"timestamp":"2026-04-14T08:43:03.284Z"}
{"level":"info","message":{"method":"GET","url":"/api/reviews/","user":null},"timestamp":"2026-04-14T08:43:07.574Z"}
{"level":"info","message":{"method":"GET","url":"/api/reviews/","user":null},"timestamp":"2026-04-14T08:43:07.592Z"}
{"level":"info","message":{"method":"POST","url":"/api/reviews/","user":null},"timestamp":"2026-04-14T08:43:40.224Z"}
{"level":"error","message":"Invalid input","method":"POST","path":"/api/reviews/","stack":"Error: Invalid input\n    at validateReview (file:///X:/WeB/js-sprint/js-sprint/day44/backend/middleware/validateReview.js:12:25)\n    at Layer.handleRequest (X:\\WeB\\js-sprint\\js-sprint\\day44\\backend\\node_modules\\router\\lib\\layer.js:152:17)\n    at next (X:\\WeB\\js-sprint\\js-sprint\\day44\\backend\\node_modules\\router\\lib\\route.js:157:13)\n    at protect (file:///X:/WeB/js-sprint/js-sprint/day44/backend/middleware/protect.js:17:9)\n    at Layer.handleRequest (X:\\WeB\\js-sprint\\js-sprint\\day44\\backend\\node_modules\\router\\lib\\layer.js:152:17)\n    at next (X:\\WeB\\js-sprint\\js-sprint\\day44\\backend\\node_modules\\router\\lib\\route.js:157:13)\n    at Route.dispatch (X:\\WeB\\js-sprint\\js-sprint\\day44\\backend\\node_modules\\router\\lib\\route.js:117:3)\n    at handle (X:\\WeB\\js-sprint\\js-sprint\\day44\\backend\\node_modules\\router\\index.js:435:11)\n    at Layer.handleRequest (X:\\WeB\\js-sprint\\js-sprint\\day44\\backend\\node_modules\\router\\lib\\layer.js:152:17)\n    at X:\\WeB\\js-sprint\\js-sprint\\day44\\backend\\node_modules\\router\\index.js:295:15","status":400,"timestamp":"2026-04-14T08:43:40.243Z","user":2}
{"level":"info","message":{"method":"GET","url":"/api/reviews/","user":null},"timestamp":"2026-04-14T08:49:42.441Z"}
{"level":"info","message":{"method":"GET","url":"/api/reviews/","user":null},"timestamp":"2026-04-14T08:49:43.017Z"}
{"level":"info","message":{"method":"POST","url":"/api/reviews/","user":null},"timestamp":"2026-04-14T08:49:54.031Z"}
{"level":"error","message":"Invalid input","method":"POST","path":"/api/reviews/","stack":"Error: Invalid input\n    at validateReview (file:///X:/WeB/js-sprint/js-sprint/day44/backend/middleware/validateReview.js:12:25)\n    at Layer.handleRequest (X:\\WeB\\js-sprint\\js-sprint\\day44\\backend\\node_modules\\router\\lib\\layer.js:152:17)\n    at next (X:\\WeB\\js-sprint\\js-sprint\\day44\\backend\\node_modules\\router\\lib\\route.js:157:13)\n    at protect (file:///X:/WeB/js-sprint/js-sprint/day44/backend/middleware/protect.js:17:9)\n    at Layer.handleRequest (X:\\WeB\\js-sprint\\js-sprint\\day44\\backend\\node_modules\\router\\lib\\layer.js:152:17)\n    at next (X:\\WeB\\js-sprint\\js-sprint\\day44\\backend\\node_modules\\router\\lib\\route.js:157:13)\n    at Route.dispatch (X:\\WeB\\js-sprint\\js-sprint\\day44\\backend\\node_modules\\router\\lib\\route.js:117:3)\n    at handle (X:\\WeB\\js-sprint\\js-sprint\\day44\\backend\\node_modules\\router\\index.js:435:11)\n    at Layer.handleRequest (X:\\WeB\\js-sprint\\js-sprint\\day44\\backend\\node_modules\\router\\lib\\layer.js:152:17)\n    at X:\\WeB\\js-sprint\\js-sprint\\day44\\backend\\node_modules\\router\\index.js:295:15","status":400,"timestamp":"2026-04-14T08:49:54.036Z","user":2}
{"level":"info","message":{"method":"GET","url":"/api/reviews/","user":null},"timestamp":"2026-04-14T08:55:15.370Z"}
{"level":"info","message":{"method":"GET","url":"/api/reviews/","user":null},"timestamp":"2026-04-14T08:55:17.211Z"}
{"level":"info","message":{"method":"POST","url":"/api/reviews/","user":null},"timestamp":"2026-04-14T08:55:22.312Z"}
{"level":"error","message":"Invalid input","method":"POST","path":"/api/reviews/","stack":"Error: Invalid input\n    at validateReview (file:///X:/WeB/js-sprint/js-sprint/day44/backend/middleware/validateReview.js:12:25)\n    at Layer.handleRequest (X:\\WeB\\js-sprint\\js-sprint\\day44\\backend\\node_modules\\router\\lib\\layer.js:152:17)\n    at next (X:\\WeB\\js-sprint\\js-sprint\\day44\\backend\\node_modules\\router\\lib\\route.js:157:13)\n    at protect (file:///X:/WeB/js-sprint/js-sprint/day44/backend/middleware/protect.js:17:9)\n    at Layer.handleRequest (X:\\WeB\\js-sprint\\js-sprint\\day44\\backend\\node_modules\\router\\lib\\layer.js:152:17)\n    at next (X:\\WeB\\js-sprint\\js-sprint\\day44\\backend\\node_modules\\router\\lib\\route.js:157:13)\n    at Route.dispatch (X:\\WeB\\js-sprint\\js-sprint\\day44\\backend\\node_modules\\router\\lib\\route.js:117:3)\n    at handle (X:\\WeB\\js-sprint\\js-sprint\\day44\\backend\\node_modules\\router\\index.js:435:11)\n    at Layer.handleRequest (X:\\WeB\\js-sprint\\js-sprint\\day44\\backend\\node_modules\\router\\lib\\layer.js:152:17)\n    at X:\\WeB\\js-sprint\\js-sprint\\day44\\backend\\node_modules\\router\\index.js:295:15","status":400,"timestamp":"2026-04-14T08:55:22.335Z","user":2}
{"level":"info","message":{"method":"POST","url":"/api/reviews/","user":null},"timestamp":"2026-04-14T08:59:45.430Z"}
{"level":"error","message":"Invalid input","method":"POST","path":"/api/reviews/","stack":"Error: Invalid input\n    at validateReview (file:///X:/WeB/js-sprint/js-sprint/day44/backend/middleware/validateReview.js:12:25)\n    at Layer.handleRequest (X:\\WeB\\js-sprint\\js-sprint\\day44\\backend\\node_modules\\router\\lib\\layer.js:152:17)\n    at next (X:\\WeB\\js-sprint\\js-sprint\\day44\\backend\\node_modules\\router\\lib\\route.js:157:13)\n    at protect (file:///X:/WeB/js-sprint/js-sprint/day44/backend/middleware/protect.js:17:9)\n    at Layer.handleRequest (X:\\WeB\\js-sprint\\js-sprint\\day44\\backend\\node_modules\\router\\lib\\layer.js:152:17)\n    at next (X:\\WeB\\js-sprint\\js-sprint\\day44\\backend\\node_modules\\router\\lib\\route.js:157:13)\n    at Route.dispatch (X:\\WeB\\js-sprint\\js-sprint\\day44\\backend\\node_modules\\router\\lib\\route.js:117:3)\n    at handle (X:\\WeB\\js-sprint\\js-sprint\\day44\\backend\\node_modules\\router\\index.js:435:11)\n    at Layer.handleRequest (X:\\WeB\\js-sprint\\js-sprint\\day44\\backend\\node_modules\\router\\lib\\layer.js:152:17)\n    at X:\\WeB\\js-sprint\\js-sprint\\day44\\backend\\node_modules\\router\\index.js:295:15","status":400,"timestamp":"2026-04-14T08:59:45.454Z","user":2}
{"level":"info","message":{"method":"GET","url":"/api/reviews/","user":null},"timestamp":"2026-04-14T09:00:06.904Z"}
{"level":"info","message":{"method":"GET","url":"/api/reviews/","user":null},"timestamp":"2026-04-14T09:00:07.524Z"}
{"level":"info","message":{"method":"POST","url":"/api/reviews/","user":null},"timestamp":"2026-04-14T09:00:14.689Z"}
{"level":"error","message":"Invalid input","method":"POST","path":"/api/reviews/","stack":"Error: Invalid input\n    at validateReview (file:///X:/WeB/js-sprint/js-sprint/day44/backend/middleware/validateReview.js:12:25)\n    at Layer.handleRequest (X:\\WeB\\js-sprint\\js-sprint\\day44\\backend\\node_modules\\router\\lib\\layer.js:152:17)\n    at next (X:\\WeB\\js-sprint\\js-sprint\\day44\\backend\\node_modules\\router\\lib\\route.js:157:13)\n    at protect (file:///X:/WeB/js-sprint/js-sprint/day44/backend/middleware/protect.js:17:9)\n    at Layer.handleRequest (X:\\WeB\\js-sprint\\js-sprint\\day44\\backend\\node_modules\\router\\lib\\layer.js:152:17)\n    at next (X:\\WeB\\js-sprint\\js-sprint\\day44\\backend\\node_modules\\router\\lib\\route.js:157:13)\n    at Route.dispatch (X:\\WeB\\js-sprint\\js-sprint\\day44\\backend\\node_modules\\router\\lib\\route.js:117:3)\n    at handle (X:\\WeB\\js-sprint\\js-sprint\\day44\\backend\\node_modules\\router\\index.js:435:11)\n    at Layer.handleRequest (X:\\WeB\\js-sprint\\js-sprint\\day44\\backend\\node_modules\\router\\lib\\layer.js:152:17)\n    at X:\\WeB\\js-sprint\\js-sprint\\day44\\backend\\node_modules\\router\\index.js:295:15","status":400,"timestamp":"2026-04-14T09:00:14.710Z","user":2}
{"level":"info","message":{"method":"GET","url":"/api/reviews/","user":null},"timestamp":"2026-04-14T09:02:28.388Z"}
{"level":"info","message":{"method":"GET","url":"/api/reviews/","user":null},"timestamp":"2026-04-14T09:02:29.049Z"}
{"level":"info","message":{"method":"POST","url":"/api/reviews/","user":null},"timestamp":"2026-04-14T09:02:36.581Z"}
{"level":"error","message":"Invalid input","method":"POST","path":"/api/reviews/","stack":"Error: Invalid input\n    at validateReview (file:///X:/WeB/js-sprint/js-sprint/day44/backend/middleware/validateReview.js:12:25)\n    at Layer.handleRequest (X:\\WeB\\js-sprint\\js-sprint\\day44\\backend\\node_modules\\router\\lib\\layer.js:152:17)\n    at next (X:\\WeB\\js-sprint\\js-sprint\\day44\\backend\\node_modules\\router\\lib\\route.js:157:13)\n    at protect (file:///X:/WeB/js-sprint/js-sprint/day44/backend/middleware/protect.js:17:9)\n    at Layer.handleRequest (X:\\WeB\\js-sprint\\js-sprint\\day44\\backend\\node_modules\\router\\lib\\layer.js:152:17)\n    at next (X:\\WeB\\js-sprint\\js-sprint\\day44\\backend\\node_modules\\router\\lib\\route.js:157:13)\n    at Route.dispatch (X:\\WeB\\js-sprint\\js-sprint\\day44\\backend\\node_modules\\router\\lib\\route.js:117:3)\n    at handle (X:\\WeB\\js-sprint\\js-sprint\\day44\\backend\\node_modules\\router\\index.js:435:11)\n    at Layer.handleRequest (X:\\WeB\\js-sprint\\js-sprint\\day44\\backend\\node_modules\\router\\lib\\layer.js:152:17)\n    at X:\\WeB\\js-sprint\\js-sprint\\day44\\backend\\node_modules\\router\\index.js:295:15","status":400,"timestamp":"2026-04-14T09:02:36.588Z","user":2}
{"level":"info","message":{"method":"GET","url":"/api/reviews/","user":null},"timestamp":"2026-04-14T09:03:34.240Z"}
{"level":"info","message":{"method":"GET","url":"/api/reviews/","user":null},"timestamp":"2026-04-14T09:03:34.461Z"}
{"level":"info","message":{"method":"POST","url":"/api/reviews/","user":null},"timestamp":"2026-04-14T09:03:52.661Z"}
{"level":"error","message":"Invalid input","method":"POST","path":"/api/reviews/","stack":"Error: Invalid input\n    at validateReview (file:///X:/WeB/js-sprint/js-sprint/day44/backend/middleware/validateReview.js:12:25)\n    at Layer.handleRequest (X:\\WeB\\js-sprint\\js-sprint\\day44\\backend\\node_modules\\router\\lib\\layer.js:152:17)\n    at next (X:\\WeB\\js-sprint\\js-sprint\\day44\\backend\\node_modules\\router\\lib\\route.js:157:13)\n    at protect (file:///X:/WeB/js-sprint/js-sprint/day44/backend/middleware/protect.js:17:9)\n    at Layer.handleRequest (X:\\WeB\\js-sprint\\js-sprint\\day44\\backend\\node_modules\\router\\lib\\layer.js:152:17)\n    at next (X:\\WeB\\js-sprint\\js-sprint\\day44\\backend\\node_modules\\router\\lib\\route.js:157:13)\n    at Route.dispatch (X:\\WeB\\js-sprint\\js-sprint\\day44\\backend\\node_modules\\router\\lib\\route.js:117:3)\n    at handle (X:\\WeB\\js-sprint\\js-sprint\\day44\\backend\\node_modules\\router\\index.js:435:11)\n    at Layer.handleRequest (X:\\WeB\\js-sprint\\js-sprint\\day44\\backend\\node_modules\\router\\lib\\layer.js:152:17)\n    at X:\\WeB\\js-sprint\\js-sprint\\day44\\backend\\node_modules\\router\\index.js:295:15","status":400,"timestamp":"2026-04-14T09:03:52.686Z","user":2}
{"level":"info","message":{"method":"GET","url":"/api/reviews/","user":null},"timestamp":"2026-04-14T09:12:38.627Z"}
{"level":"info","message":{"method":"GET","url":"/api/reviews/","user":null},"timestamp":"2026-04-14T09:12:39.056Z"}
{"level":"info","message":{"method":"POST","url":"/api/reviews/","user":null},"timestamp":"2026-04-14T09:12:45.106Z"}
{"level":"error","message":"Invalid input","method":"POST","path":"/api/reviews/","stack":"Error: Invalid input\n    at validateReview (file:///X:/WeB/js-sprint/js-sprint/day44/backend/middleware/validateReview.js:12:25)\n    at Layer.handleRequest (X:\\WeB\\js-sprint\\js-sprint\\day44\\backend\\node_modules\\router\\lib\\layer.js:152:17)\n    at next (X:\\WeB\\js-sprint\\js-sprint\\day44\\backend\\node_modules\\router\\lib\\route.js:157:13)\n    at protect (file:///X:/WeB/js-sprint/js-sprint/day44/backend/middleware/protect.js:17:9)\n    at Layer.handleRequest (X:\\WeB\\js-sprint\\js-sprint\\day44\\backend\\node_modules\\router\\lib\\layer.js:152:17)\n    at next (X:\\WeB\\js-sprint\\js-sprint\\day44\\backend\\node_modules\\router\\lib\\route.js:157:13)\n    at Route.dispatch (X:\\WeB\\js-sprint\\js-sprint\\day44\\backend\\node_modules\\router\\lib\\route.js:117:3)\n    at handle (X:\\WeB\\js-sprint\\js-sprint\\day44\\backend\\node_modules\\router\\index.js:435:11)\n    at Layer.handleRequest (X:\\WeB\\js-sprint\\js-sprint\\day44\\backend\\node_modules\\router\\lib\\layer.js:152:17)\n    at X:\\WeB\\js-sprint\\js-sprint\\day44\\backend\\node_modules\\router\\index.js:295:15","status":400,"timestamp":"2026-04-14T09:12:45.125Z","user":2}
{"level":"info","message":{"method":"GET","url":"/api/reviews/","user":null},"timestamp":"2026-04-14T09:13:06.666Z"}
{"level":"info","message":{"method":"GET","url":"/api/reviews/","user":null},"timestamp":"2026-04-14T09:13:07.391Z"}
{"level":"info","message":{"method":"POST","url":"/api/reviews/","user":null},"timestamp":"2026-04-14T09:13:14.980Z"}
{"level":"error","message":"movie_id.trim is not a function","method":"POST","path":"/api/reviews/","stack":"TypeError: movie_id.trim is not a function\n    at validateReview (file:///X:/WeB/js-sprint/js-sprint/day44/backend/middleware/validateReview.js:17:31)\n    at Layer.handleRequest (X:\\WeB\\js-sprint\\js-sprint\\day44\\backend\\node_modules\\router\\lib\\layer.js:152:17)\n    at next (X:\\WeB\\js-sprint\\js-sprint\\day44\\backend\\node_modules\\router\\lib\\route.js:157:13)\n    at protect (file:///X:/WeB/js-sprint/js-sprint/day44/backend/middleware/protect.js:17:9)\n    at Layer.handleRequest (X:\\WeB\\js-sprint\\js-sprint\\day44\\backend\\node_modules\\router\\lib\\layer.js:152:17)\n    at next (X:\\WeB\\js-sprint\\js-sprint\\day44\\backend\\node_modules\\router\\lib\\route.js:157:13)\n    at Route.dispatch (X:\\WeB\\js-sprint\\js-sprint\\day44\\backend\\node_modules\\router\\lib\\route.js:117:3)\n    at handle (X:\\WeB\\js-sprint\\js-sprint\\day44\\backend\\node_modules\\router\\index.js:435:11)\n    at Layer.handleRequest (X:\\WeB\\js-sprint\\js-sprint\\day44\\backend\\node_modules\\router\\lib\\layer.js:152:17)\n    at X:\\WeB\\js-sprint\\js-sprint\\day44\\backend\\node_modules\\router\\index.js:295:15","timestamp":"2026-04-14T09:13:14.995Z","user":2}
{"level":"info","message":{"method":"GET","url":"/api/reviews/","user":null},"timestamp":"2026-04-14T09:14:29.896Z"}
{"level":"info","message":{"method":"GET","url":"/api/reviews/","user":null},"timestamp":"2026-04-14T09:14:30.611Z"}
{"level":"info","message":{"method":"POST","url":"/api/reviews/","user":null},"timestamp":"2026-04-14T09:14:44.995Z"}
{"level":"error","message":"movie_id.trim is not a function","method":"POST","path":"/api/reviews/","stack":"TypeError: movie_id.trim is not a function\n    at validateReview (file:///X:/WeB/js-sprint/js-sprint/day44/backend/middleware/validateReview.js:17:31)\n    at Layer.handleRequest (X:\\WeB\\js-sprint\\js-sprint\\day44\\backend\\node_modules\\router\\lib\\layer.js:152:17)\n    at next (X:\\WeB\\js-sprint\\js-sprint\\day44\\backend\\node_modules\\router\\lib\\route.js:157:13)\n    at protect (file:///X:/WeB/js-sprint/js-sprint/day44/backend/middleware/protect.js:17:9)\n    at Layer.handleRequest (X:\\WeB\\js-sprint\\js-sprint\\day44\\backend\\node_modules\\router\\lib\\layer.js:152:17)\n    at next (X:\\WeB\\js-sprint\\js-sprint\\day44\\backend\\node_modules\\router\\lib\\route.js:157:13)\n    at Route.dispatch (X:\\WeB\\js-sprint\\js-sprint\\day44\\backend\\node_modules\\router\\lib\\route.js:117:3)\n    at handle (X:\\WeB\\js-sprint\\js-sprint\\day44\\backend\\node_modules\\router\\index.js:435:11)\n    at Layer.handleRequest (X:\\WeB\\js-sprint\\js-sprint\\day44\\backend\\node_modules\\router\\lib\\layer.js:152:17)\n    at X:\\WeB\\js-sprint\\js-sprint\\day44\\backend\\node_modules\\router\\index.js:295:15","timestamp":"2026-04-14T09:14:45.014Z","user":2}
{"level":"info","message":{"method":"GET","url":"/api/reviews/","user":null},"timestamp":"2026-04-14T09:16:34.936Z"}
{"level":"info","message":{"method":"GET","url":"/api/reviews/","user":null},"timestamp":"2026-04-14T09:16:35.887Z"}
{"level":"info","message":{"method":"PATCH","url":"/api/reviews/278","user":null},"timestamp":"2026-04-14T09:16:43.343Z"}
{"level":"error","message":"Review not found","method":"PATCH","path":"/api/reviews/278","stack":"Error: Review not found\n    at file:///X:/WeB/js-sprint/js-sprint/day44/backend/controllers/reviewController.js:54:31\n    at process.processTicksAndRejections (node:internal/process/task_queues:105:5)","status":404,"timestamp":"2026-04-14T09:16:43.528Z","user":2}
{"level":"info","message":{"method":"GET","url":"/api/reviews/","user":null},"timestamp":"2026-04-14T09:16:48.773Z"}
{"level":"info","message":{"method":"GET","url":"/api/reviews/","user":null},"timestamp":"2026-04-14T09:16:48.813Z"}
{"level":"info","message":{"method":"POST","url":"/api/reviews/","user":null},"timestamp":"2026-04-14T09:16:54.692Z"}
{"level":"error","message":"data.movie_id.trim is not a function","method":"POST","path":"/api/reviews/","stack":"TypeError: data.movie_id.trim is not a function\n    at createService (file:///X:/WeB/js-sprint/js-sprint/day44/backend/services/reviewService.js:36:32)\n    at file:///X:/WeB/js-sprint/js-sprint/day44/backend/controllers/reviewController.js:40:31\n    at file:///X:/WeB/js-sprint/js-sprint/day44/backend/utilis/asyncHandler.js:3:25\n    at Layer.handleRequest (X:\\WeB\\js-sprint\\js-sprint\\day44\\backend\\node_modules\\router\\lib\\layer.js:152:17)\n    at next (X:\\WeB\\js-sprint\\js-sprint\\day44\\backend\\node_modules\\router\\lib\\route.js:157:13)\n    at validateReview (file:///X:/WeB/js-sprint/js-sprint/day44/backend/middleware/validateReview.js:23:9)\n    at Layer.handleRequest (X:\\WeB\\js-sprint\\js-sprint\\day44\\backend\\node_modules\\router\\lib\\layer.js:152:17)\n    at next (X:\\WeB\\js-sprint\\js-sprint\\day44\\backend\\node_modules\\router\\lib\\route.js:157:13)\n    at protect (file:///X:/WeB/js-sprint/js-sprint/day44/backend/middleware/protect.js:17:9)\n    at Layer.handleRequest (X:\\WeB\\js-sprint\\js-sprint\\day44\\backend\\node_modules\\router\\lib\\layer.js:152:17)","timestamp":"2026-04-14T09:16:54.727Z","user":2}
{"level":"info","message":{"method":"GET","url":"/api/reviews/","user":null},"timestamp":"2026-04-14T09:17:58.468Z"}
{"level":"info","message":{"method":"GET","url":"/api/reviews/","user":null},"timestamp":"2026-04-14T09:17:59.201Z"}
{"level":"info","message":{"method":"POST","url":"/api/reviews/","user":null},"timestamp":"2026-04-14T09:18:06.473Z"}
{"level":"error","message":"data.movie_id.trim is not a function","method":"POST","path":"/api/reviews/","stack":"TypeError: data.movie_id.trim is not a function\n    at createService (file:///X:/WeB/js-sprint/js-sprint/day44/backend/services/reviewService.js:36:32)\n    at file:///X:/WeB/js-sprint/js-sprint/day44/backend/controllers/reviewController.js:40:31\n    at file:///X:/WeB/js-sprint/js-sprint/day44/backend/utilis/asyncHandler.js:3:25\n    at Layer.handleRequest (X:\\WeB\\js-sprint\\js-sprint\\day44\\backend\\node_modules\\router\\lib\\layer.js:152:17)\n    at next (X:\\WeB\\js-sprint\\js-sprint\\day44\\backend\\node_modules\\router\\lib\\route.js:157:13)\n    at validateReview (file:///X:/WeB/js-sprint/js-sprint/day44/backend/middleware/validateReview.js:23:9)\n    at Layer.handleRequest (X:\\WeB\\js-sprint\\js-sprint\\day44\\backend\\node_modules\\router\\lib\\layer.js:152:17)\n    at next (X:\\WeB\\js-sprint\\js-sprint\\day44\\backend\\node_modules\\router\\lib\\route.js:157:13)\n    at protect (file:///X:/WeB/js-sprint/js-sprint/day44/backend/middleware/protect.js:17:9)\n    at Layer.handleRequest (X:\\WeB\\js-sprint\\js-sprint\\day44\\backend\\node_modules\\router\\lib\\layer.js:152:17)","timestamp":"2026-04-14T09:18:06.505Z","user":2}
{"level":"info","message":{"method":"GET","url":"/api/reviews/","user":null},"timestamp":"2026-04-14T09:19:34.204Z"}
{"level":"info","message":{"method":"GET","url":"/api/reviews/","user":null},"timestamp":"2026-04-14T09:19:35.105Z"}
{"level":"info","message":{"method":"PATCH","url":"/api/reviews/278","user":null},"timestamp":"2026-04-14T09:19:40.876Z"}
{"level":"error","message":"Review not found","method":"PATCH","path":"/api/reviews/278","stack":"Error: Review not found\n    at file:///X:/WeB/js-sprint/js-sprint/day44/backend/controllers/reviewController.js:54:31\n    at process.processTicksAndRejections (node:internal/process/task_queues:105:5)","status":404,"timestamp":"2026-04-14T09:19:40.982Z","user":2}
{"level":"info","message":{"method":"GET","url":"/api/reviews/","user":null},"timestamp":"2026-04-14T09:19:51.467Z"}
{"level":"info","message":{"method":"GET","url":"/api/reviews/","user":null},"timestamp":"2026-04-14T09:19:51.975Z"}
{"level":"info","message":{"method":"POST","url":"/api/reviews/","user":null},"timestamp":"2026-04-14T09:19:58.077Z"}
{"level":"info","message":{"method":"GET","url":"/api/reviews/","user":null},"timestamp":"2026-04-14T11:22:15.338Z"}
{"level":"info","message":{"method":"GET","url":"/api/reviews/movie/278?page=2&limit=5","user":null},"timestamp":"2026-04-14T11:24:26.546Z"}
{"level":"info","message":{"duration":"228ms","limit":5,"movie_id":"278","page":2,"service":"getReviewByMovieIdService"},"timestamp":"2026-04-14T11:24:26.779Z"}
{"level":"info","message":{"method":"GET","url":"/api/reviews/movie/278?page=1&limit=5","user":null},"timestamp":"2026-04-14T11:24:46.250Z"}
{"level":"info","message":{"duration":"166ms","limit":5,"movie_id":"278","page":1,"service":"getReviewByMovieIdService"},"timestamp":"2026-04-14T11:24:46.419Z"}
{"level":"info","message":{"method":"GET","url":"/api/reviews/","user":null},"timestamp":"2026-04-14T12:03:04.235Z"}
{"level":"info","message":{"method":"GET","url":"/api/reviews/","user":null},"timestamp":"2026-04-14T12:03:05.010Z"}
{"level":"info","message":{"method":"POST","url":"/api/reviews/","user":null},"timestamp":"2026-04-14T12:03:51.532Z"}
{"level":"info","message":{"method":"PATCH","url":"/api/reviews/278","user":null},"timestamp":"2026-04-14T12:06:20.414Z"}
{"level":"error","message":"Review not found","method":"PATCH","path":"/api/reviews/278","stack":"Error: Review not found\n    at file:///X:/WeB/js-sprint/js-sprint/day44/backend/controllers/reviewController.js:54:31\n    at process.processTicksAndRejections (node:internal/process/task_queues:105:5)","status":404,"timestamp":"2026-04-14T12:06:20.696Z","user":2}
{"level":"info","message":{"method":"GET","url":"/api/reviews/278","user":null},"timestamp":"2026-04-14T12:08:19.837Z"}
{"level":"error","message":"Review not found","method":"GET","path":"/api/reviews/278","stack":"Error: Review not found\n    at file:///X:/WeB/js-sprint/js-sprint/day44/backend/controllers/reviewController.js:12:39\n    at process.processTicksAndRejections (node:internal/process/task_queues:105:5)","status":404,"timestamp":"2026-04-14T12:08:20.045Z","user":null}
{"level":"info","message":{"method":"GET","url":"/favicon.ico","user":null},"timestamp":"2026-04-14T12:08:20.269Z"}
{"level":"error","message":"Not Found - /favicon.ico","method":"GET","path":"/favicon.ico","stack":"Error: Not Found - /favicon.ico\n    at notFound (file:///X:/WeB/js-sprint/js-sprint/day44/backend/middleware/notFound.js:2:17)\n    at Layer.handleRequest (X:\\WeB\\js-sprint\\js-sprint\\day44\\backend\\node_modules\\router\\lib\\layer.js:152:17)\n    at trimPrefix (X:\\WeB\\js-sprint\\js-sprint\\day44\\backend\\node_modules\\router\\index.js:342:13)\n    at X:\\WeB\\js-sprint\\js-sprint\\day44\\backend\\node_modules\\router\\index.js:297:9\n    at processParams (X:\\WeB\\js-sprint\\js-sprint\\day44\\backend\\node_modules\\router\\index.js:582:12)\n    at next (X:\\WeB\\js-sprint\\js-sprint\\day44\\backend\\node_modules\\router\\index.js:291:5)\n    at requestLogger (file:///X:/WeB/js-sprint/js-sprint/day44/backend/middleware/requestLogger.js:9:5)\n    at Layer.handleRequest (X:\\WeB\\js-sprint\\js-sprint\\day44\\backend\\node_modules\\router\\lib\\layer.js:152:17)\n    at trimPrefix (X:\\WeB\\js-sprint\\js-sprint\\day44\\backend\\node_modules\\router\\index.js:342:13)\n    at X:\\WeB\\js-sprint\\js-sprint\\day44\\backend\\node_modules\\router\\index.js:297:9","status":404,"timestamp":"2026-04-14T12:08:20.272Z","user":null}
{"level":"info","message":{"method":"GET","url":"/api/reviews/","user":null},"timestamp":"2026-04-14T12:10:40.162Z"}
{"level":"info","message":{"method":"GET","url":"/api/reviews/","user":null},"timestamp":"2026-04-14T13:14:51.962Z"}
{"level":"info","message":{"method":"GET","url":"/api/reviews/","user":null},"timestamp":"2026-04-14T13:14:52.366Z"}
